Archive member included to satisfy reference by file (symbol)

D:/msys/ucrt64/bin/../lib/gcc/arm-none-eabi/13.3.0/../../../../arm-none-eabi/lib/thumb/v7-m/nofp\libg_nano.a(libc_a-atexit.o)
                              D:/msys/ucrt64/bin/../lib/gcc/arm-none-eabi/13.3.0/../../../../arm-none-eabi/lib/thumb/v7-m/nofp/crt0.o (atexit)
D:/msys/ucrt64/bin/../lib/gcc/arm-none-eabi/13.3.0/../../../../arm-none-eabi/lib/thumb/v7-m/nofp\libg_nano.a(libc_a-exit.o)
                              D:/msys/ucrt64/bin/../lib/gcc/arm-none-eabi/13.3.0/../../../../arm-none-eabi/lib/thumb/v7-m/nofp/crt0.o (exit)
D:/msys/ucrt64/bin/../lib/gcc/arm-none-eabi/13.3.0/../../../../arm-none-eabi/lib/thumb/v7-m/nofp\libg_nano.a(libc_a-findfp.o)
                              D:/msys/ucrt64/bin/../lib/gcc/arm-none-eabi/13.3.0/../../../../arm-none-eabi/lib/thumb/v7-m/nofp\libg_nano.a(libc_a-exit.o) (__stdio_exit_handler)
D:/msys/ucrt64/bin/../lib/gcc/arm-none-eabi/13.3.0/../../../../arm-none-eabi/lib/thumb/v7-m/nofp\libg_nano.a(libc_a-fwalk.o)
                              D:/msys/ucrt64/bin/../lib/gcc/arm-none-eabi/13.3.0/../../../../arm-none-eabi/lib/thumb/v7-m/nofp\libg_nano.a(libc_a-findfp.o) (_fwalk_sglue)
D:/msys/ucrt64/bin/../lib/gcc/arm-none-eabi/13.3.0/../../../../arm-none-eabi/lib/thumb/v7-m/nofp\libg_nano.a(libc_a-stdio.o)
                              D:/msys/ucrt64/bin/../lib/gcc/arm-none-eabi/13.3.0/../../../../arm-none-eabi/lib/thumb/v7-m/nofp\libg_nano.a(libc_a-findfp.o) (__sread)
D:/msys/ucrt64/bin/../lib/gcc/arm-none-eabi/13.3.0/../../../../arm-none-eabi/lib/thumb/v7-m/nofp\libg_nano.a(libc_a-memset.o)
                              D:/msys/ucrt64/bin/../lib/gcc/arm-none-eabi/13.3.0/../../../../arm-none-eabi/lib/thumb/v7-m/nofp/crt0.o (memset)
D:/msys/ucrt64/bin/../lib/gcc/arm-none-eabi/13.3.0/../../../../arm-none-eabi/lib/thumb/v7-m/nofp\libg_nano.a(libc_a-closer.o)
                              D:/msys/ucrt64/bin/../lib/gcc/arm-none-eabi/13.3.0/../../../../arm-none-eabi/lib/thumb/v7-m/nofp\libg_nano.a(libc_a-stdio.o) (_close_r)
D:/msys/ucrt64/bin/../lib/gcc/arm-none-eabi/13.3.0/../../../../arm-none-eabi/lib/thumb/v7-m/nofp\libg_nano.a(libc_a-reent.o)
                              D:/msys/ucrt64/bin/../lib/gcc/arm-none-eabi/13.3.0/../../../../arm-none-eabi/lib/thumb/v7-m/nofp\libg_nano.a(libc_a-closer.o) (errno)
D:/msys/ucrt64/bin/../lib/gcc/arm-none-eabi/13.3.0/../../../../arm-none-eabi/lib/thumb/v7-m/nofp\libg_nano.a(libc_a-impure.o)
                              D:/msys/ucrt64/bin/../lib/gcc/arm-none-eabi/13.3.0/../../../../arm-none-eabi/lib/thumb/v7-m/nofp\libg_nano.a(libc_a-reent.o) (_impure_ptr)
D:/msys/ucrt64/bin/../lib/gcc/arm-none-eabi/13.3.0/../../../../arm-none-eabi/lib/thumb/v7-m/nofp\libg_nano.a(libc_a-lseekr.o)
                              D:/msys/ucrt64/bin/../lib/gcc/arm-none-eabi/13.3.0/../../../../arm-none-eabi/lib/thumb/v7-m/nofp\libg_nano.a(libc_a-stdio.o) (_lseek_r)
D:/msys/ucrt64/bin/../lib/gcc/arm-none-eabi/13.3.0/../../../../arm-none-eabi/lib/thumb/v7-m/nofp\libg_nano.a(libc_a-readr.o)
                              D:/msys/ucrt64/bin/../lib/gcc/arm-none-eabi/13.3.0/../../../../arm-none-eabi/lib/thumb/v7-m/nofp\libg_nano.a(libc_a-stdio.o) (_read_r)
D:/msys/ucrt64/bin/../lib/gcc/arm-none-eabi/13.3.0/../../../../arm-none-eabi/lib/thumb/v7-m/nofp\libg_nano.a(libc_a-writer.o)
                              D:/msys/ucrt64/bin/../lib/gcc/arm-none-eabi/13.3.0/../../../../arm-none-eabi/lib/thumb/v7-m/nofp\libg_nano.a(libc_a-stdio.o) (_write_r)
D:/msys/ucrt64/bin/../lib/gcc/arm-none-eabi/13.3.0/../../../../arm-none-eabi/lib/thumb/v7-m/nofp\libg_nano.a(libc_a-errno.o)
                              CMakeFiles/train.dir/Core/Src/sysmem.c.obj (__errno)
D:/msys/ucrt64/bin/../lib/gcc/arm-none-eabi/13.3.0/../../../../arm-none-eabi/lib/thumb/v7-m/nofp\libg_nano.a(libc_a-init.o)
                              D:/msys/ucrt64/bin/../lib/gcc/arm-none-eabi/13.3.0/../../../../arm-none-eabi/lib/thumb/v7-m/nofp/crt0.o (__libc_init_array)
D:/msys/ucrt64/bin/../lib/gcc/arm-none-eabi/13.3.0/../../../../arm-none-eabi/lib/thumb/v7-m/nofp\libg_nano.a(libc_a-fini.o)
                              D:/msys/ucrt64/bin/../lib/gcc/arm-none-eabi/13.3.0/../../../../arm-none-eabi/lib/thumb/v7-m/nofp/crt0.o (__libc_fini_array)
D:/msys/ucrt64/bin/../lib/gcc/arm-none-eabi/13.3.0/../../../../arm-none-eabi/lib/thumb/v7-m/nofp\libg_nano.a(libc_a-lock.o)
                              D:/msys/ucrt64/bin/../lib/gcc/arm-none-eabi/13.3.0/../../../../arm-none-eabi/lib/thumb/v7-m/nofp\libg_nano.a(libc_a-findfp.o) (__retarget_lock_init_recursive)
D:/msys/ucrt64/bin/../lib/gcc/arm-none-eabi/13.3.0/../../../../arm-none-eabi/lib/thumb/v7-m/nofp\libg_nano.a(libc_a-__atexit.o)
                              D:/msys/ucrt64/bin/../lib/gcc/arm-none-eabi/13.3.0/../../../../arm-none-eabi/lib/thumb/v7-m/nofp\libg_nano.a(libc_a-atexit.o) (__register_exitproc)
[...]
Memory Configuration

Name             Origin             Length             Attributes
RAM              0x20000000         0x00005000         xrw
FLASH            0x08000000         0x00010000         xr
*default*        0x00000000         0xffffffff

Linker script and memory map

LOAD D:/msys/ucrt64/bin/../lib/gcc/arm-none-eabi/13.3.0/thumb/v7-m/nofp/crti.o
LOAD D:/msys/ucrt64/bin/../lib/gcc/arm-none-eabi/13.3.0/thumb/v7-m/nofp/crtbegin.o
LOAD D:/msys/ucrt64/bin/../lib/gcc/arm-none-eabi/13.3.0/../../../../arm-none-eabi/lib/thumb/v7-m/nofp/crt0.o
LOAD CMakeFiles/train.dir/Core/Src/main.c.obj
LOAD CMakeFiles/train.dir/Core/Src/gpio.c.obj
LOAD CMakeFiles/train.dir/Core/Src/stm32f1xx_it.c.obj
LOAD CMakeFiles/train.dir/Core/Src/stm32f1xx_hal_msp.c.obj
LOAD CMakeFiles/train.dir/Core/Src/sysmem.c.obj
LOAD CMakeFiles/train.dir/Core/Src/syscalls.c.obj
LOAD CMakeFiles/train.dir/startup_stm32f103xb.s.obj
LOAD CMakeFiles/train.dir/BSP/Src/control.c.obj
LOAD cmake/stm32cubemx/CMakeFiles/STM32_Drivers.dir/__/__/Core/Src/system_stm32f1xx.c.obj
LOAD cmake/stm32cubemx/CMakeFiles/STM32_Drivers.dir/__/__/Drivers/STM32F1xx_HAL_Driver/Src/stm32f1xx_hal_gpio_ex.c.obj
LOAD cmake/stm32cubemx/CMakeFiles/STM32_Drivers.dir/__/__/Drivers/STM32F1xx_HAL_Driver/Src/stm32f1xx_hal.c.obj
LOAD cmake/stm32cubemx/CMakeFiles/STM32_Drivers.dir/__/__/Drivers/STM32F1xx_HAL_Driver/Src/stm32f1xx_hal_rcc.c.obj
LOAD cmake/stm32cubemx/CMakeFiles/STM32_Drivers.dir/__/__/Drivers/STM32F1xx_HAL_Driver/Src/stm32f1xx_hal_rcc_ex.c.obj
LOAD cmake/stm32cubemx/CMakeFiles/STM32_Drivers.dir/__/__/Drivers/STM32F1xx_HAL_Driver/Src/stm32f1xx_hal_gpio.c.obj
LOAD cmake/stm32cubemx/CMakeFiles/STM32_Drivers.dir/__/__/Drivers/STM32F1xx_HAL_Driver/Src/stm32f1xx_hal_dma.c.obj
LOAD cmake/stm32cubemx/CMakeFiles/STM32_Drivers.dir/__/__/Drivers/STM32F1xx_HAL_Driver/Src/stm32f1xx_hal_cortex.c.obj
LOAD cmake/stm32cubemx/CMakeFiles/STM32_Drivers.dir/__/__/Drivers/STM32F1xx_HAL_Driver/Src/stm32f1xx_hal_pwr.c.obj
LOAD cmake/stm32cubemx/CMakeFiles/STM32_Drivers.dir/__/__/Drivers/STM32F1xx_HAL_Driver/Src/stm32f1xx_hal_flash.c.obj
LOAD cmake/stm32cubemx/CMakeFiles/STM32_Drivers.dir/__/__/Drivers/STM32F1xx_HAL_Driver/Src/stm32f1xx_hal_flash_ex.c.obj
LOAD cmake/stm32cubemx/CMakeFiles/STM32_Drivers.dir/__/__/Drivers/STM32F1xx_HAL_Driver/Src/stm32f1xx_hal_exti.c.obj
LOAD D:/msys/ucrt64/bin/../lib/gcc/arm-none-eabi/13.3.0/../../../../arm-none-eabi/lib/thumb/v7-m/nofp\libm.a
START GROUP
LOAD D:/msys/ucrt64/bin/../lib/gcc/arm-none-eabi/13.3.0/thumb/v7-m/nofp\libgcc.a
LOAD D:/msys/ucrt64/bin/../lib/gcc/arm-none-eabi/13.3.0/../../../../arm-none-eabi/lib/thumb/v7-m/nofp\libg_nano.a
LOAD D:/msys/ucrt64/bin/../lib/gcc/arm-none-eabi/13.3.0/../../../../arm-none-eabi/lib/thumb/v7-m/nofp\libc_nano.a
END GROUP
START GROUP
LOAD D:/msys/ucrt64/bin/../lib/gcc/arm-none-eabi/13.3.0/thumb/v7-m/nofp\libgcc.a
LOAD D:/msys/ucrt64/bin/../lib/gcc/arm-none-eabi/13.3.0/../../../../arm-none-eabi/lib/thumb/v7-m/nofp\libc_nano.a
END GROUP
LOAD D:/msys/ucrt64/bin/../lib/gcc/arm-none-eabi/13.3.0/thumb/v7-m/nofp/crtend.o
LOAD D:/msys/ucrt64/bin/../lib/gcc/arm-none-eabi/13.3.0/thumb/v7-m/nofp/crtn.o
                0x20005000                        _estack = (ORIGIN (RAM) + LENGTH (RAM))
                0x00000200                        _Min_Heap_Size = 0x200
                0x00000400                        _Min_Stack_Size = 0x400

.isr_vector     0x08000000      0x10c
                0x08000000                        . = ALIGN (0x4)
 *(.isr_vector)
 .isr_vector    0x08000000      0x10c CMakeFiles/train.dir/startup_stm32f103xb.s.obj
                0x08000000                g_pfnVectors
                0x0800010c                        . = ALIGN (0x4)

.text           0x0800010c      0xdac
                0x0800010c                        . = ALIGN (0x4)
 *(.text)
 .text          0x0800010c       0xa0 D:/msys/ucrt64/bin/../lib/gcc/arm-none-eabi/13.3.0/../../../../arm-none-eabi/lib/thumb/v7-m/nofp\libg_nano.a(libc_a-memset.o)
                0x0800010c                memset
 .text          0x080001ac       0x50 D:/msys/ucrt64/bin/../lib/gcc/arm-none-eabi/13.3.0/../../../../arm-none-eabi/lib/thumb/v7-m/nofp\libg_nano.a(libc_a-init.o)
                0x080001ac                __libc_init_array
 *(.text*)
 .text.__do_global_dtors_aux
                0x080001fc       0x24 D:/msys/ucrt64/bin/../lib/gcc/arm-none-eabi/13.3.0/thumb/v7-m/nofp/crtbegin.o
 .text.frame_dummy
                0x08000220       0x1c D:/msys/ucrt64/bin/../lib/gcc/arm-none-eabi/13.3.0/thumb/v7-m/nofp/crtbegin.o
 .text.main     0x0800023c       0x14 CMakeFiles/train.dir/Core/Src/main.c.obj
                0x0800023c                main
 .text.SystemClock_Config
                0x08000250       0x8a CMakeFiles/train.dir/Core/Src/main.c.obj
                0x08000250                SystemClock_Config
 .text.Error_Handler
                0x080002da        0xc CMakeFiles/train.dir/Core/Src/main.c.obj
                0x080002da                Error_Handler
 *fill*         0x080002e6        0x2 
 .text.MX_GPIO_Init
                0x080002e8       0x5c CMakeFiles/train.dir/Core/Src/gpio.c.obj
                0x080002e8                MX_GPIO_Init
 .text.NMI_Handler
                0x08000344        0x8 CMakeFiles/train.dir/Core/Src/stm32f1xx_it.c.obj
                0x08000344                NMI_Handler
 .text.HardFault_Handler
                0x0800034c        0x8 CMakeFiles/train.dir/Core/Src/stm32f1xx_it.c.obj
                0x0800034c                HardFault_Handler
 .text.MemManage_Handler
                0x08000354        0x8 CMakeFiles/train.dir/Core/Src/stm32f1xx_it.c.obj
                0x08000354                MemManage_Handler
 .text.BusFault_Handler
                0x0800035c        0x8 CMakeFiles/train.dir/Core/Src/stm32f1xx_it.c.obj
                0x0800035c                BusFault_Handler
 .text.UsageFault_Handler
                0x08000364        0x8 CMakeFiles/train.dir/Core/Src/stm32f1xx_it.c.obj
                0x08000364                UsageFault_Handler
 .text.SVC_Handler
                0x0800036c        0xc CMakeFiles/train.dir/Core/Src/stm32f1xx_it.c.obj
                0x0800036c                SVC_Handler
 .text.DebugMon_Handler
                0x08000378        0xc CMakeFiles/train.dir/Core/Src/stm32f1xx_it.c.obj
                0x08000378                DebugMon_Handler
 .text.PendSV_Handler
                0x08000384        0xc CMakeFiles/train.dir/Core/Src/stm32f1xx_it.c.obj
                0x08000384                PendSV_Handler
 .text.SysTick_Handler
                0x08000390        0xc CMakeFiles/train.dir/Core/Src/stm32f1xx_it.c.obj
                0x08000390                SysTick_Handler
 .text.HAL_MspInit
                0x0800039c       0x64 CMakeFiles/train.dir/Core/Src/stm32f1xx_hal_msp.c.obj
                0x0800039c                HAL_MspInit
 .text.Reset_Handler
                0x08000400       0x48 CMakeFiles/train.dir/startup_stm32f103xb.s.obj
                0x08000400                Reset_Handler
 .text.Default_Handler
                0x08000448        0x2 CMakeFiles/train.dir/startup_stm32f103xb.s.obj
                0x08000448                RTC_Alarm_IRQHandler
                0x08000448                EXTI2_IRQHandler
                0x08000448                TIM1_CC_IRQHandler
                0x08000448                PVD_IRQHandler
                0x08000448                EXTI3_IRQHandler
                0x08000448                EXTI0_IRQHandler
                0x08000448                I2C2_EV_IRQHandler
                0x08000448                ADC1_2_IRQHandler
                0x08000448                SPI1_IRQHandler
                0x08000448                TAMPER_IRQHandler
                0x08000448                DMA1_Channel4_IRQHandler
                0x08000448                USART3_IRQHandler
                0x08000448                RTC_IRQHandler
                0x08000448                DMA1_Channel7_IRQHandler
                0x08000448                CAN1_RX1_IRQHandler
                0x08000448                TIM4_IRQHandler
                0x08000448                I2C1_EV_IRQHandler
                0x08000448                DMA1_Channel6_IRQHandler
                0x08000448                TIM3_IRQHandler
                0x08000448                RCC_IRQHandler
                0x08000448                TIM1_TRG_COM_IRQHandler
                0x08000448                DMA1_Channel1_IRQHandler
                0x08000448                Default_Handler
                0x08000448                EXTI15_10_IRQHandler
                0x08000448                EXTI9_5_IRQHandler
                0x08000448                SPI2_IRQHandler
                0x08000448                DMA1_Channel5_IRQHandler
                0x08000448                EXTI4_IRQHandler
                0x08000448                USB_LP_CAN1_RX0_IRQHandler
                0x08000448                USB_HP_CAN1_TX_IRQHandler
                0x08000448                DMA1_Channel3_IRQHandler
                0x08000448                TIM1_UP_IRQHandler
                0x08000448                WWDG_IRQHandler
                0x08000448                TIM2_IRQHandler
                0x08000448                TIM1_BRK_IRQHandler
                0x08000448                EXTI1_IRQHandler
                0x08000448                USART2_IRQHandler
                0x08000448                I2C2_ER_IRQHandler
                0x08000448                DMA1_Channel2_IRQHandler
                0x08000448                CAN1_SCE_IRQHandler
                0x08000448                FLASH_IRQHandler
                0x08000448                USART1_IRQHandler
                0x08000448                I2C1_ER_IRQHandler
                0x08000448                USBWakeUp_IRQHandler
 .text.SystemInit
                0x0800044a        0xc cmake/stm32cubemx/CMakeFiles/STM32_Drivers.dir/__/__/Core/Src/system_stm32f1xx.c.obj
                0x0800044a                SystemInit
 *fill*         0x08000456        0x2 
 .text.HAL_Init
                0x08000458       0x2c cmake/stm32cubemx/CMakeFiles/STM32_Drivers.dir/__/__/Drivers/STM32F1xx_HAL_Driver/Src/stm32f1xx_hal.c.obj
                0x08000458                HAL_Init
 .text.HAL_InitTick
                0x08000484       0x60 cmake/stm32cubemx/CMakeFiles/STM32_Drivers.dir/__/__/Drivers/STM32F1xx_HAL_Driver/Src/stm32f1xx_hal.c.obj
                0x08000484                HAL_InitTick
 .text.HAL_IncTick
                0x080004e4       0x24 cmake/stm32cubemx/CMakeFiles/STM32_Drivers.dir/__/__/Drivers/STM32F1xx_HAL_Driver/Src/stm32f1xx_hal.c.obj
                0x080004e4                HAL_IncTick
 .text.HAL_GetTick
                0x08000508       0x14 cmake/stm32cubemx/CMakeFiles/STM32_Drivers.dir/__/__/Drivers/STM32F1xx_HAL_Driver/Src/stm32f1xx_hal.c.obj
                0x08000508                HAL_GetTick
 .text.HAL_RCC_OscConfig
                0x0800051c      0x504 cmake/stm32cubemx/CMakeFiles/STM32_Drivers.dir/__/__/Drivers/STM32F1xx_HAL_Driver/Src/stm32f1xx_hal_rcc.c.obj
                0x0800051c                HAL_RCC_OscConfig
 .text.HAL_RCC_ClockConfig
                0x08000a20      0x1d4 cmake/stm32cubemx/CMakeFiles/STM32_Drivers.dir/__/__/Drivers/STM32F1xx_HAL_Driver/Src/stm32f1xx_hal_rcc.c.obj
                0x08000a20                HAL_RCC_ClockConfig
 .text.HAL_RCC_GetSysClockFreq
                0x08000bf4       0xa8 cmake/stm32cubemx/CMakeFiles/STM32_Drivers.dir/__/__/Drivers/STM32F1xx_HAL_Driver/Src/stm32f1xx_hal_rcc.c.obj
                0x08000bf4                HAL_RCC_GetSysClockFreq
 .text.RCC_Delay
                0x08000c9c       0x3c cmake/stm32cubemx/CMakeFiles/STM32_Drivers.dir/__/__/Drivers/STM32F1xx_HAL_Driver/Src/stm32f1xx_hal_rcc.c.obj
 .text.__NVIC_SetPriorityGrouping
                0x08000cd8       0x48 cmake/stm32cubemx/CMakeFiles/STM32_Drivers.dir/__/__/Drivers/STM32F1xx_HAL_Driver/Src/stm32f1xx_hal_cortex.c.obj
 .text.__NVIC_GetPriorityGrouping
                0x08000d20       0x1c cmake/stm32cubemx/CMakeFiles/STM32_Drivers.dir/__/__/Drivers/STM32F1xx_HAL_Driver/Src/stm32f1xx_hal_cortex.c.obj
 .text.__NVIC_SetPriority
                0x08000d3c       0x54 cmake/stm32cubemx/CMakeFiles/STM32_Drivers.dir/__/__/Drivers/STM32F1xx_HAL_Driver/Src/stm32f1xx_hal_cortex.c.obj
 .text.NVIC_EncodePriority
                0x08000d90       0x64 cmake/stm32cubemx/CMakeFiles/STM32_Drivers.dir/__/__/Drivers/STM32F1xx_HAL_Driver/Src/stm32f1xx_hal_cortex.c.obj
 .text.SysTick_Config
                0x08000df4       0x44 cmake/stm32cubemx/CMakeFiles/STM32_Drivers.dir/__/__/Drivers/STM32F1xx_HAL_Driver/Src/stm32f1xx_hal_cortex.c.obj
 .text.HAL_NVIC_SetPriorityGrouping
                0x08000e38       0x16 cmake/stm32cubemx/CMakeFiles/STM32_Drivers.dir/__/__/Drivers/STM32F1xx_HAL_Driver/Src/stm32f1xx_hal_cortex.c.obj
                0x08000e38                HAL_NVIC_SetPriorityGrouping
 .text.HAL_NVIC_SetPriority
                0x08000e4e       0x38 cmake/stm32cubemx/CMakeFiles/STM32_Drivers.dir/__/__/Drivers/STM32F1xx_HAL_Driver/Src/stm32f1xx_hal_cortex.c.obj
                0x08000e4e                HAL_NVIC_SetPriority
 .text.HAL_SYSTICK_Config
                0x08000e86       0x18 cmake/stm32cubemx/CMakeFiles/STM32_Drivers.dir/__/__/Drivers/STM32F1xx_HAL_Driver/Src/stm32f1xx_hal_cortex.c.obj
                0x08000e86                HAL_SYSTICK_Config
 *(.glue_7)
 .glue_7        0x08000e9e        0x0 linker stubs
 *(.glue_7t)
 .glue_7t       0x08000e9e        0x0 linker stubs
 *(.eh_frame)
 *fill*         0x08000e9e        0x2 
 .eh_frame      0x08000ea0        0x0 D:/msys/ucrt64/bin/../lib/gcc/arm-none-eabi/13.3.0/thumb/v7-m/nofp/crtbegin.o
 *(.init)
 .init          0x08000ea0        0x4 D:/msys/ucrt64/bin/../lib/gcc/arm-none-eabi/13.3.0/thumb/v7-m/nofp/crti.o
                0x08000ea0                _init
 .init          0x08000ea4        0x8 D:/msys/ucrt64/bin/../lib/gcc/arm-none-eabi/13.3.0/thumb/v7-m/nofp/crtn.o
 *(.fini)
 .fini          0x08000eac        0x4 D:/msys/ucrt64/bin/../lib/gcc/arm-none-eabi/13.3.0/thumb/v7-m/nofp/crti.o
                0x08000eac                _fini
 .fini          0x08000eb0        0x8 D:/msys/ucrt64/bin/../lib/gcc/arm-none-eabi/13.3.0/thumb/v7-m/nofp/crtn.o
                0x08000eb8                        . = ALIGN (0x4)
                0x08000eb8                        _etext = .

.vfp11_veneer   0x08000eb8        0x0
 .vfp11_veneer  0x08000eb8        0x0 linker stubs

.v4_bx          0x08000eb8        0x0
 .v4_bx         0x08000eb8        0x0 linker stubs

.iplt           0x08000eb8        0x0
 .iplt          0x08000eb8        0x0 D:/msys/ucrt64/bin/../lib/gcc/arm-none-eabi/13.3.0/thumb/v7-m/nofp/crtbegin.o

.rodata         0x08000eb8       0x24
                0x08000eb8                        . = ALIGN (0x4)
 *(.rodata)
 *(.rodata*)
 .rodata.AHBPrescTable
                0x08000eb8       0x10 cmake/stm32cubemx/CMakeFiles/STM32_Drivers.dir/__/__/Core/Src/system_stm32f1xx.c.obj
                0x08000eb8                AHBPrescTable
 .rodata.aPLLMULFactorTable.1
                0x08000ec8       0x10 cmake/stm32cubemx/CMakeFiles/STM32_Drivers.dir/__/__/Drivers/STM32F1xx_HAL_Driver/Src/stm32f1xx_hal_rcc.c.obj
 .rodata.aPredivFactorTable.0
                0x08000ed8        0x2 cmake/stm32cubemx/CMakeFiles/STM32_Drivers.dir/__/__/Drivers/STM32F1xx_HAL_Driver/Src/stm32f1xx_hal_rcc.c.obj
                0x08000edc                        . = ALIGN (0x4)
 *fill*         0x08000eda        0x2 

.ARM.extab      0x08000edc        0x0
                0x08000edc                        . = ALIGN (0x4)
 *(.ARM.extab* .gnu.linkonce.armextab.*)
                0x08000edc                        . = ALIGN (0x4)

.ARM            0x08000edc        0x0
                0x08000edc                        . = ALIGN (0x4)
                0x08000edc                        __exidx_start = .
 *(.ARM.exidx*)
                0x08000edc                        __exidx_end = .
                0x08000edc                        . = ALIGN (0x4)

.preinit_array  0x08000edc        0x0
                0x08000edc                        . = ALIGN (0x4)
                0x08000edc                        PROVIDE (__preinit_array_start = .)
 *(.preinit_array*)
                0x08000edc                        PROVIDE (__preinit_array_end = .)
                0x08000edc                        . = ALIGN (0x4)

.init_array     0x08000edc        0x4
                0x08000edc                        . = ALIGN (0x4)
                0x08000edc                        PROVIDE (__init_array_start = .)
 *(SORT_BY_NAME(.init_array.*))
 *(.init_array*)
 .init_array    0x08000edc        0x4 D:/msys/ucrt64/bin/../lib/gcc/arm-none-eabi/13.3.0/thumb/v7-m/nofp/crtbegin.o
                0x08000ee0                        PROVIDE (__init_array_end = .)
                0x08000ee0                        . = ALIGN (0x4)

.fini_array     0x08000ee0        0x4
                0x08000ee0                        . = ALIGN (0x4)
                0x08000ee0                        PROVIDE (__fini_array_start = .)
 *(SORT_BY_NAME(.fini_array.*))
 *(.fini_array*)
 .fini_array    0x08000ee0        0x4 D:/msys/ucrt64/bin/../lib/gcc/arm-none-eabi/13.3.0/thumb/v7-m/nofp/crtbegin.o
                0x08000ee4                        PROVIDE (__fini_array_end = .)
                0x08000ee4                        . = ALIGN (0x4)
                0x08000ee4                        _sidata = LOADADDR (.data)

.rel.dyn        0x08000ee4        0x0
 .rel.iplt      0x08000ee4        0x0 D:/msys/ucrt64/bin/../lib/gcc/arm-none-eabi/13.3.0/thumb/v7-m/nofp/crtbegin.o

.data           0x20000000        0xc load address 0x08000ee4
                0x20000000                        . = ALIGN (0x4)
                0x20000000                        _sdata = .
 *(.data)
 *(.data*)
 .data.SystemCoreClock
                0x20000000        0x4 cmake/stm32cubemx/CMakeFiles/STM32_Drivers.dir/__/__/Core/Src/system_stm32f1xx.c.obj
                0x20000000                SystemCoreClock
 .data.uwTickPrio
                0x20000004        0x4 cmake/stm32cubemx/CMakeFiles/STM32_Drivers.dir/__/__/Drivers/STM32F1xx_HAL_Driver/Src/stm32f1xx_hal.c.obj
                0x20000004                uwTickPrio
 .data.uwTickFreq
                0x20000008        0x1 cmake/stm32cubemx/CMakeFiles/STM32_Drivers.dir/__/__/Drivers/STM32F1xx_HAL_Driver/Src/stm32f1xx_hal.c.obj
                0x20000008                uwTickFreq
 *(.RamFunc)
 *(.RamFunc*)
                0x2000000c                        . = ALIGN (0x4)
 *fill*         0x20000009        0x3 

.igot.plt       0x2000000c        0x0 load address 0x08000ef0
 .igot.plt      0x2000000c        0x0 D:/msys/ucrt64/bin/../lib/gcc/arm-none-eabi/13.3.0/thumb/v7-m/nofp/crtbegin.o

.tdata          0x2000000c        0x0 load address 0x08000ef0
 *(.tdata .tdata.* .gnu.linkonce.td.*)
                0x2000000c                        . = ALIGN (0x4)
                0x2000000c                        _edata = .
                [!provide]                        PROVIDE (__data_end = .)
                [!provide]                        PROVIDE (__tdata_end = .)
                [!provide]                        PROVIDE (__tdata_start = ADDR (.tdata))
                [!provide]                        PROVIDE (__tdata_size = (__tdata_end - __tdata_start))
                [!provide]                        PROVIDE (__data_start = ADDR (.data))
                [!provide]                        PROVIDE (__data_size = (__data_end - __data_start))
                [!provide]                        PROVIDE (__tdata_source = LOADADDR (.tdata))
                [!provide]                        PROVIDE (__tdata_source_end = (LOADADDR (.tdata) + SIZEOF (.tdata)))
                [!provide]                        PROVIDE (__tdata_source_size = (__tdata_source_end - __tdata_source))
                [!provide]                        PROVIDE (__data_source = LOADADDR (.data))
                [!provide]                        PROVIDE (__data_source_end = __tdata_source_end)
                [!provide]                        PROVIDE (__data_source_size = (__data_source_end - __data_source))

.tbss           0x2000000c        0x0 load address 0x08000ef0
                0x2000000c                        _sbss = .
                0x2000000c                        __bss_start__ = _sbss
 *(.tbss .tbss.*)
                0x2000000c                        . = ALIGN (0x4)
                [!provide]                        PROVIDE (__tbss_end = .)
                [!provide]                        PROVIDE (__tbss_start = ADDR (.tbss))
                [!provide]                        PROVIDE (__tbss_size = (__tbss_end - __tbss_start))
                [!provide]                        PROVIDE (__tbss_offset = (ADDR (.tbss) - ADDR (.tdata)))
                [!provide]                        PROVIDE (__tls_base = __tdata_start)
                [!provide]                        PROVIDE (__tls_end = __tbss_end)
                [!provide]                        PROVIDE (__tls_size = (__tls_end - __tls_base))
                [!provide]                        PROVIDE (__tls_align = MAX (ALIGNOF (.tdata), ALIGNOF (.tbss)))
                [!provide]                        PROVIDE (__tls_size_align = (((__tls_size + __tls_align) - 0x1) & ~ ((__tls_align - 0x1))))
                [!provide]                        PROVIDE (__arm32_tls_tcb_offset = MAX (0x8, __tls_align))
                [!provide]                        PROVIDE (__arm64_tls_tcb_offset = MAX (0x10, __tls_align))

.bss            0x2000000c       0x20 load address 0x08000ef0
 *(.bss)
 *(.bss*)
 .bss.completed.1
                0x2000000c        0x1 D:/msys/ucrt64/bin/../lib/gcc/arm-none-eabi/13.3.0/thumb/v7-m/nofp/crtbegin.o
 *fill*         0x2000000d        0x3 
 .bss.object.0  0x20000010       0x18 D:/msys/ucrt64/bin/../lib/gcc/arm-none-eabi/13.3.0/thumb/v7-m/nofp/crtbegin.o
 .bss.uwTick    0x20000028        0x4 cmake/stm32cubemx/CMakeFiles/STM32_Drivers.dir/__/__/Drivers/STM32F1xx_HAL_Driver/Src/stm32f1xx_hal.c.obj
                0x20000028                uwTick
 *(COMMON)
                0x2000002c                        . = ALIGN (0x4)
                0x2000002c                        _ebss = .
                0x2000002c                        __bss_end__ = _ebss
                [!provide]                        PROVIDE (__bss_end = .)
                [!provide]                        PROVIDE (__non_tls_bss_start = ADDR (.bss))
                [!provide]                        PROVIDE (__bss_start = __tbss_start)
                [!provide]                        PROVIDE (__bss_size = (__bss_end - __bss_start))

._user_heap_stack
                0x2000002c      0x604 load address 0x08000ef0
                0x20000030                        . = ALIGN (0x8)
 *fill*         0x2000002c        0x4 
                [!provide]                        PROVIDE (end = .)
                0x20000030                        PROVIDE (_end = .)
                0x20000230                        . = (. + _Min_Heap_Size)
 *fill*         0x20000030      0x200 
                0x20000630                        . = (. + _Min_Stack_Size)
 *fill*         0x20000230      0x400 
                0x20000630                        . = ALIGN (0x8)

/DISCARD/
 libc.a:*(*)
 libm.a:*(*)
 libgcc.a:*(*)
OUTPUT(train.elf elf32-littlearm)
LOAD linker stubs

.ARM.attributes
                0x00000000       0x29
 .ARM.attributes
                0x00000000       0x1d D:/msys/ucrt64/bin/../lib/gcc/arm-none-eabi/13.3.0/thumb/v7-m/nofp/crti.o
 .ARM.attributes
                0x0000001d       0x2d D:/msys/ucrt64/bin/../lib/gcc/arm-none-eabi/13.3.0/thumb/v7-m/nofp/crtbegin.o
 .ARM.attributes
                0x0000004a       0x2d CMakeFiles/train.dir/Core/Src/main.c.obj
 .ARM.attributes
                0x00000077       0x2d CMakeFiles/train.dir/Core/Src/gpio.c.obj
 .ARM.attributes
                0x000000a4       0x2d CMakeFiles/train.dir/Core/Src/stm32f1xx_it.c.obj
 .ARM.attributes
                0x000000d1       0x2d CMakeFiles/train.dir/Core/Src/stm32f1xx_hal_msp.c.obj
 .ARM.attributes
                0x000000fe       0x21 CMakeFiles/train.dir/startup_stm32f103xb.s.obj
 .ARM.attributes
                0x0000011f       0x2d cmake/stm32cubemx/CMakeFiles/STM32_Drivers.dir/__/__/Core/Src/system_stm32f1xx.c.obj
 .ARM.attributes
                0x0000014c       0x2d cmake/stm32cubemx/CMakeFiles/STM32_Drivers.dir/__/__/Drivers/STM32F1xx_HAL_Driver/Src/stm32f1xx_hal.c.obj
 .ARM.attributes
                0x00000179       0x2d cmake/stm32cubemx/CMakeFiles/STM32_Drivers.dir/__/__/Drivers/STM32F1xx_HAL_Driver/Src/stm32f1xx_hal_rcc.c.obj
 .ARM.attributes
                0x000001a6       0x2d cmake/stm32cubemx/CMakeFiles/STM32_Drivers.dir/__/__/Drivers/STM32F1xx_HAL_Driver/Src/stm32f1xx_hal_cortex.c.obj
 .ARM.attributes
                0x000001d3       0x2d D:/msys/ucrt64/bin/../lib/gcc/arm-none-eabi/13.3.0/../../../../arm-none-eabi/lib/thumb/v7-m/nofp\libg_nano.a(libc_a-memset.o)
 .ARM.attributes
                0x00000200       0x2d D:/msys/ucrt64/bin/../lib/gcc/arm-none-eabi/13.3.0/../../../../arm-none-eabi/lib/thumb/v7-m/nofp\libg_nano.a(libc_a-init.o)
 .ARM.attributes
                0x0000022d       0x1d D:/msys/ucrt64/bin/../lib/gcc/arm-none-eabi/13.3.0/thumb/v7-m/nofp/crtn.o

.comment        0x00000000       0x12
 .comment       0x00000000       0x12 CMakeFiles/train.dir/Core/Src/main.c.obj
                                 0x13 (size before relaxing)
 .comment       0x00000012       0x13 CMakeFiles/train.dir/Core/Src/gpio.c.obj
 .comment       0x00000012       0x13 CMakeFiles/train.dir/Core/Src/stm32f1xx_it.c.obj
 .comment       0x00000012       0x13 CMakeFiles/train.dir/Core/Src/stm32f1xx_hal_msp.c.obj
 .comment       0x00000012       0x13 cmake/stm32cubemx/CMakeFiles/STM32_Drivers.dir/__/__/Core/Src/system_stm32f1xx.c.obj
 .comment       0x00000012       0x13 cmake/stm32cubemx/CMakeFiles/STM32_Drivers.dir/__/__/Drivers/STM32F1xx_HAL_Driver/Src/stm32f1xx_hal.c.obj
 .comment       0x00000012       0x13 cmake/stm32cubemx/CMakeFiles/STM32_Drivers.dir/__/__/Drivers/STM32F1xx_HAL_Driver/Src/stm32f1xx_hal_rcc.c.obj
 .comment       0x00000012       0x13 cmake/stm32cubemx/CMakeFiles/STM32_Drivers.dir/__/__/Drivers/STM32F1xx_HAL_Driver/Src/stm32f1xx_hal_cortex.c.obj
 .comment       0x00000012       0x13 D:/msys/ucrt64/bin/../lib/gcc/arm-none-eabi/13.3.0/../../../../arm-none-eabi/lib/thumb/v7-m/nofp\libg_nano.a(libc_a-memset.o)
 .comment       0x00000012       0x13 D:/msys/ucrt64/bin/../lib/gcc/arm-none-eabi/13.3.0/../../../../arm-none-eabi/lib/thumb/v7-m/nofp\libg_nano.a(libc_a-init.o)

.debug_info     0x00000000     0x2504
 .debug_info    0x00000000      0x28a CMakeFiles/train.dir/Core/Src/main.c.obj
 .debug_info    0x0000028a      0x184 CMakeFiles/train.dir/Core/Src/gpio.c.obj
 .debug_info    0x0000040e      0x113 CMakeFiles/train.dir/Core/Src/stm32f1xx_it.c.obj
 .debug_info    0x00000521      0x1f1 CMakeFiles/train.dir/Core/Src/stm32f1xx_hal_msp.c.obj
 .debug_info    0x00000712       0x30 CMakeFiles/train.dir/startup_stm32f103xb.s.obj
 .debug_info    0x00000742      0x222 cmake/stm32cubemx/CMakeFiles/STM32_Drivers.dir/__/__/Core/Src/system_stm32f1xx.c.obj
 .debug_info    0x00000964      0x704 cmake/stm32cubemx/CMakeFiles/STM32_Drivers.dir/__/__/Drivers/STM32F1xx_HAL_Driver/Src/stm32f1xx_hal.c.obj
 .debug_info    0x00001068      0x7d5 cmake/stm32cubemx/CMakeFiles/STM32_Drivers.dir/__/__/Drivers/STM32F1xx_HAL_Driver/Src/stm32f1xx_hal_rcc.c.obj
 .debug_info    0x0000183d      0xa87 cmake/stm32cubemx/CMakeFiles/STM32_Drivers.dir/__/__/Drivers/STM32F1xx_HAL_Driver/Src/stm32f1xx_hal_cortex.c.obj
 .debug_info    0x000022c4      0x135 D:/msys/ucrt64/bin/../lib/gcc/arm-none-eabi/13.3.0/../../../../arm-none-eabi/lib/thumb/v7-m/nofp\libg_nano.a(libc_a-memset.o)
 .debug_info    0x000023f9      0x10b D:/msys/ucrt64/bin/../lib/gcc/arm-none-eabi/13.3.0/../../../../arm-none-eabi/lib/thumb/v7-m/nofp\libg_nano.a(libc_a-init.o)

.debug_abbrev   0x00000000      0xe14
 .debug_abbrev  0x00000000      0x171 CMakeFiles/train.dir/Core/Src/main.c.obj
 .debug_abbrev  0x00000171       0xc6 CMakeFiles/train.dir/Core/Src/gpio.c.obj
 .debug_abbrev  0x00000237       0x73 CMakeFiles/train.dir/Core/Src/stm32f1xx_it.c.obj
 .debug_abbrev  0x000002aa       0xdb CMakeFiles/train.dir/Core/Src/stm32f1xx_hal_msp.c.obj
 .debug_abbrev  0x00000385       0x24 CMakeFiles/train.dir/startup_stm32f103xb.s.obj
 .debug_abbrev  0x000003a9      0x13f cmake/stm32cubemx/CMakeFiles/STM32_Drivers.dir/__/__/Core/Src/system_stm32f1xx.c.obj
 .debug_abbrev  0x000004e8      0x201 cmake/stm32cubemx/CMakeFiles/STM32_Drivers.dir/__/__/Drivers/STM32F1xx_HAL_Driver/Src/stm32f1xx_hal.c.obj
 .debug_abbrev  0x000006e9      0x2b3 cmake/stm32cubemx/CMakeFiles/STM32_Drivers.dir/__/__/Drivers/STM32F1xx_HAL_Driver/Src/stm32f1xx_hal_rcc.c.obj
 .debug_abbrev  0x0000099c      0x2f8 cmake/stm32cubemx/CMakeFiles/STM32_Drivers.dir/__/__/Drivers/STM32F1xx_HAL_Driver/Src/stm32f1xx_hal_cortex.c.obj
 .debug_abbrev  0x00000c94       0xb7 D:/msys/ucrt64/bin/../lib/gcc/arm-none-eabi/13.3.0/../../../../arm-none-eabi/lib/thumb/v7-m/nofp\libg_nano.a(libc_a-memset.o)
 .debug_abbrev  0x00000d4b       0xc9 D:/msys/ucrt64/bin/../lib/gcc/arm-none-eabi/13.3.0/../../../../arm-none-eabi/lib/thumb/v7-m/nofp\libg_nano.a(libc_a-init.o)

.debug_aranges  0x00000000      0x3d0
 .debug_aranges
                0x00000000       0x30 CMakeFiles/train.dir/Core/Src/main.c.obj
 .debug_aranges
                0x00000030       0x20 CMakeFiles/train.dir/Core/Src/gpio.c.obj
 .debug_aranges
                0x00000050       0x60 CMakeFiles/train.dir/Core/Src/stm32f1xx_it.c.obj
 .debug_aranges
                0x000000b0       0x20 CMakeFiles/train.dir/Core/Src/stm32f1xx_hal_msp.c.obj
 .debug_aranges
                0x000000d0       0x28 CMakeFiles/train.dir/startup_stm32f103xb.s.obj
 .debug_aranges
                0x000000f8       0x28 cmake/stm32cubemx/CMakeFiles/STM32_Drivers.dir/__/__/Core/Src/system_stm32f1xx.c.obj
 .debug_aranges
                0x00000120       0xe0 cmake/stm32cubemx/CMakeFiles/STM32_Drivers.dir/__/__/Drivers/STM32F1xx_HAL_Driver/Src/stm32f1xx_hal.c.obj
 .debug_aranges
                0x00000200       0x90 cmake/stm32cubemx/CMakeFiles/STM32_Drivers.dir/__/__/Drivers/STM32F1xx_HAL_Driver/Src/stm32f1xx_hal_rcc.c.obj
 .debug_aranges
                0x00000290      0x100 cmake/stm32cubemx/CMakeFiles/STM32_Drivers.dir/__/__/Drivers/STM32F1xx_HAL_Driver/Src/stm32f1xx_hal_cortex.c.obj
 .debug_aranges
                0x00000390       0x20 D:/msys/ucrt64/bin/../lib/gcc/arm-none-eabi/13.3.0/../../../../arm-none-eabi/lib/thumb/v7-m/nofp\libg_nano.a(libc_a-memset.o)
 .debug_aranges
                0x000003b0       0x20 D:/msys/ucrt64/bin/../lib/gcc/arm-none-eabi/13.3.0/../../../../arm-none-eabi/lib/thumb/v7-m/nofp\libg_nano.a(libc_a-init.o)

.debug_rnglists
                0x00000000      0x286
 .debug_rnglists
                0x00000000       0x20 CMakeFiles/train.dir/Core/Src/main.c.obj
 .debug_rnglists
                0x00000020       0x13 CMakeFiles/train.dir/Core/Src/gpio.c.obj
 .debug_rnglists
                0x00000033       0x43 CMakeFiles/train.dir/Core/Src/stm32f1xx_it.c.obj
 .debug_rnglists
                0x00000076       0x13 CMakeFiles/train.dir/Core/Src/stm32f1xx_hal_msp.c.obj
 .debug_rnglists
                0x00000089       0x19 CMakeFiles/train.dir/startup_stm32f103xb.s.obj
 .debug_rnglists
                0x000000a2       0x1a cmake/stm32cubemx/CMakeFiles/STM32_Drivers.dir/__/__/Core/Src/system_stm32f1xx.c.obj
 .debug_rnglists
                0x000000bc       0xa3 cmake/stm32cubemx/CMakeFiles/STM32_Drivers.dir/__/__/Drivers/STM32F1xx_HAL_Driver/Src/stm32f1xx_hal.c.obj
 .debug_rnglists
                0x0000015f       0x6c cmake/stm32cubemx/CMakeFiles/STM32_Drivers.dir/__/__/Drivers/STM32F1xx_HAL_Driver/Src/stm32f1xx_hal_rcc.c.obj
 .debug_rnglists
                0x000001cb       0xbb cmake/stm32cubemx/CMakeFiles/STM32_Drivers.dir/__/__/Drivers/STM32F1xx_HAL_Driver/Src/stm32f1xx_hal_cortex.c.obj

.debug_macro    0x00000000    0x1590f
 .debug_macro   0x00000000      0x19c CMakeFiles/train.dir/Core/Src/main.c.obj
 .debug_macro   0x0000019c      0xacc CMakeFiles/train.dir/Core/Src/main.c.obj
 .debug_macro   0x00000c68      0x20f CMakeFiles/train.dir/Core/Src/main.c.obj
 .debug_macro   0x00000e77       0x2e CMakeFiles/train.dir/Core/Src/main.c.obj
 .debug_macro   0x00000ea5       0x22 CMakeFiles/train.dir/Core/Src/main.c.obj
 .debug_macro   0x00000ec7       0x22 CMakeFiles/train.dir/Core/Src/main.c.obj
 .debug_macro   0x00000ee9       0x8e CMakeFiles/train.dir/Core/Src/main.c.obj
 .debug_macro   0x00000f77       0x51 CMakeFiles/train.dir/Core/Src/main.c.obj
 .debug_macro   0x00000fc8      0x103 CMakeFiles/train.dir/Core/Src/main.c.obj
 .debug_macro   0x000010cb       0x6a CMakeFiles/train.dir/Core/Src/main.c.obj
 .debug_macro   0x00001135      0x1df CMakeFiles/train.dir/Core/Src/main.c.obj
 .debug_macro   0x00001314       0x1c CMakeFiles/train.dir/Core/Src/main.c.obj
 .debug_macro   0x00001330       0x22 CMakeFiles/train.dir/Core/Src/main.c.obj
 .debug_macro   0x00001352       0xbd CMakeFiles/train.dir/Core/Src/main.c.obj
 .debug_macro   0x0000140f      0xd23 CMakeFiles/train.dir/Core/Src/main.c.obj
 .debug_macro   0x00002132     0xe09e CMakeFiles/train.dir/Core/Src/main.c.obj
 .debug_macro   0x000101d0       0x6d CMakeFiles/train.dir/Core/Src/main.c.obj
 .debug_macro   0x0001023d     0x34a2 CMakeFiles/train.dir/Core/Src/main.c.obj
 .debug_macro   0x000136df      0x190 CMakeFiles/train.dir/Core/Src/main.c.obj
 .debug_macro   0x0001386f       0x5c CMakeFiles/train.dir/Core/Src/main.c.obj
 .debug_macro   0x000138cb      0x5bc CMakeFiles/train.dir/Core/Src/main.c.obj
 .debug_macro   0x00013e87      0x289 CMakeFiles/train.dir/Core/Src/main.c.obj
 .debug_macro   0x00014110      0x1cb CMakeFiles/train.dir/Core/Src/main.c.obj
 .debug_macro   0x000142db      0x114 CMakeFiles/train.dir/Core/Src/main.c.obj
 .debug_macro   0x000143ef      0x1b2 CMakeFiles/train.dir/Core/Src/main.c.obj
 .debug_macro   0x000145a1       0x27 CMakeFiles/train.dir/Core/Src/main.c.obj
 .debug_macro   0x000145c8      0x136 CMakeFiles/train.dir/Core/Src/main.c.obj
 .debug_macro   0x000146fe      0x1bc CMakeFiles/train.dir/Core/Src/main.c.obj
 .debug_macro   0x000148ba       0x34 CMakeFiles/train.dir/Core/Src/main.c.obj
 .debug_macro   0x000148ee       0x3c CMakeFiles/train.dir/Core/Src/main.c.obj
 .debug_macro   0x0001492a       0x57 CMakeFiles/train.dir/Core/Src/main.c.obj
 .debug_macro   0x00014981       0x87 CMakeFiles/train.dir/Core/Src/main.c.obj
 .debug_macro   0x00014a08      0x240 CMakeFiles/train.dir/Core/Src/main.c.obj
 .debug_macro   0x00014c48      0x140 CMakeFiles/train.dir/Core/Src/main.c.obj
 .debug_macro   0x00014d88       0x83 CMakeFiles/train.dir/Core/Src/main.c.obj
 .debug_macro   0x00014e0b      0x198 CMakeFiles/train.dir/Core/Src/gpio.c.obj
 .debug_macro   0x00014fa3      0x198 CMakeFiles/train.dir/Core/Src/stm32f1xx_it.c.obj
 .debug_macro   0x0001513b      0x18e CMakeFiles/train.dir/Core/Src/stm32f1xx_hal_msp.c.obj
 .debug_macro   0x000152c9      0x184 cmake/stm32cubemx/CMakeFiles/STM32_Drivers.dir/__/__/Core/Src/system_stm32f1xx.c.obj
 .debug_macro   0x0001544d      0x1a8 cmake/stm32cubemx/CMakeFiles/STM32_Drivers.dir/__/__/Drivers/STM32F1xx_HAL_Driver/Src/stm32f1xx_hal.c.obj
 .debug_macro   0x000155f5      0x196 cmake/stm32cubemx/CMakeFiles/STM32_Drivers.dir/__/__/Drivers/STM32F1xx_HAL_Driver/Src/stm32f1xx_hal_rcc.c.obj
 .debug_macro   0x0001578b      0x184 cmake/stm32cubemx/CMakeFiles/STM32_Drivers.dir/__/__/Drivers/STM32F1xx_HAL_Driver/Src/stm32f1xx_hal_cortex.c.obj

.debug_line     0x00000000     0x37d0
 .debug_line    0x00000000      0x4fd CMakeFiles/train.dir/Core/Src/main.c.obj
 .debug_line    0x000004fd      0x482 CMakeFiles/train.dir/Core/Src/gpio.c.obj
 .debug_line    0x0000097f      0x533 CMakeFiles/train.dir/Core/Src/stm32f1xx_it.c.obj
 .debug_line    0x00000eb2      0x485 CMakeFiles/train.dir/Core/Src/stm32f1xx_hal_msp.c.obj
 .debug_line    0x00001337       0x78 CMakeFiles/train.dir/startup_stm32f103xb.s.obj
 .debug_line    0x000013af      0x503 cmake/stm32cubemx/CMakeFiles/STM32_Drivers.dir/__/__/Core/Src/system_stm32f1xx.c.obj
 .debug_line    0x000018b2      0x734 cmake/stm32cubemx/CMakeFiles/STM32_Drivers.dir/__/__/Drivers/STM32F1xx_HAL_Driver/Src/stm32f1xx_hal.c.obj
 .debug_line    0x00001fe6      0xbed cmake/stm32cubemx/CMakeFiles/STM32_Drivers.dir/__/__/Drivers/STM32F1xx_HAL_Driver/Src/stm32f1xx_hal_rcc.c.obj
 .debug_line    0x00002bd3      0x8fe cmake/stm32cubemx/CMakeFiles/STM32_Drivers.dir/__/__/Drivers/STM32F1xx_HAL_Driver/Src/stm32f1xx_hal_cortex.c.obj
 .debug_line    0x000034d1      0x1c4 D:/msys/ucrt64/bin/../lib/gcc/arm-none-eabi/13.3.0/../../../../arm-none-eabi/lib/thumb/v7-m/nofp\libg_nano.a(libc_a-memset.o)
 .debug_line    0x00003695      0x13b D:/msys/ucrt64/bin/../lib/gcc/arm-none-eabi/13.3.0/../../../../arm-none-eabi/lib/thumb/v7-m/nofp\libg_nano.a(libc_a-init.o)

.debug_str      0x00000000    0x7bba2
 .debug_str     0x00000000    0x7bba2 CMakeFiles/train.dir/Core/Src/main.c.obj
                              0x7aed7 (size before relaxing)
 .debug_str     0x0007bba2    0x7ad72 CMakeFiles/train.dir/Core/Src/gpio.c.obj
 .debug_str     0x0007bba2    0x7adb5 CMakeFiles/train.dir/Core/Src/stm32f1xx_it.c.obj
 .debug_str     0x0007bba2    0x7ada0 CMakeFiles/train.dir/Core/Src/stm32f1xx_hal_msp.c.obj
 .debug_str     0x0007bba2       0x64 CMakeFiles/train.dir/startup_stm32f103xb.s.obj
 .debug_str     0x0007bba2    0x7addd cmake/stm32cubemx/CMakeFiles/STM32_Drivers.dir/__/__/Core/Src/system_stm32f1xx.c.obj
 .debug_str     0x0007bba2    0x7b510 cmake/stm32cubemx/CMakeFiles/STM32_Drivers.dir/__/__/Drivers/STM32F1xx_HAL_Driver/Src/stm32f1xx_hal.c.obj
 .debug_str     0x0007bba2    0x7b20c cmake/stm32cubemx/CMakeFiles/STM32_Drivers.dir/__/__/Drivers/STM32F1xx_HAL_Driver/Src/stm32f1xx_hal_rcc.c.obj
 .debug_str     0x0007bba2    0x7b45c cmake/stm32cubemx/CMakeFiles/STM32_Drivers.dir/__/__/Drivers/STM32F1xx_HAL_Driver/Src/stm32f1xx_hal_cortex.c.obj
 .debug_str     0x0007bba2      0x192 D:/msys/ucrt64/bin/../lib/gcc/arm-none-eabi/13.3.0/../../../../arm-none-eabi/lib/thumb/v7-m/nofp\libg_nano.a(libc_a-memset.o)
 .debug_str     0x0007bba2      0x1df D:/msys/ucrt64/bin/../lib/gcc/arm-none-eabi/13.3.0/../../../../arm-none-eabi/lib/thumb/v7-m/nofp\libg_nano.a(libc_a-init.o)

.debug_frame    0x00000000      0xc00
 .debug_frame   0x00000000       0x68 CMakeFiles/train.dir/Core/Src/main.c.obj
 .debug_frame   0x00000068       0x38 CMakeFiles/train.dir/Core/Src/gpio.c.obj
 .debug_frame   0x000000a0      0x104 CMakeFiles/train.dir/Core/Src/stm32f1xx_it.c.obj
 .debug_frame   0x000001a4       0x38 CMakeFiles/train.dir/Core/Src/stm32f1xx_hal_msp.c.obj
 .debug_frame   0x000001dc       0x58 cmake/stm32cubemx/CMakeFiles/STM32_Drivers.dir/__/__/Core/Src/system_stm32f1xx.c.obj
 .debug_frame   0x00000234      0x334 cmake/stm32cubemx/CMakeFiles/STM32_Drivers.dir/__/__/Drivers/STM32F1xx_HAL_Driver/Src/stm32f1xx_hal.c.obj
 .debug_frame   0x00000568      0x218 cmake/stm32cubemx/CMakeFiles/STM32_Drivers.dir/__/__/Drivers/STM32F1xx_HAL_Driver/Src/stm32f1xx_hal_rcc.c.obj
 .debug_frame   0x00000780      0x428 cmake/stm32cubemx/CMakeFiles/STM32_Drivers.dir/__/__/Drivers/STM32F1xx_HAL_Driver/Src/stm32f1xx_hal_cortex.c.obj
 .debug_frame   0x00000ba8       0x2c D:/msys/ucrt64/bin/../lib/gcc/arm-none-eabi/13.3.0/../../../../arm-none-eabi/lib/thumb/v7-m/nofp\libg_nano.a(libc_a-memset.o)
 .debug_frame   0x00000bd4       0x2c D:/msys/ucrt64/bin/../lib/gcc/arm-none-eabi/13.3.0/../../../../arm-none-eabi/lib/thumb/v7-m/nofp\libg_nano.a(libc_a-init.o)

.debug_line_str
                0x00000000       0x4a
 .debug_line_str
                0x00000000       0x4a CMakeFiles/train.dir/startup_stm32f103xb.s.obj

.debug_loclists
                0x00000000      0x23c
 .debug_loclists
                0x00000000      0x1d7 D:/msys/ucrt64/bin/../lib/gcc/arm-none-eabi/13.3.0/../../../../arm-none-eabi/lib/thumb/v7-m/nofp\libg_nano.a(libc_a-memset.o)
 .debug_loclists
                0x000001d7       0x65 D:/msys/ucrt64/bin/../lib/gcc/arm-none-eabi/13.3.0/../../../../arm-none-eabi/lib/thumb/v7-m/nofp\libg_nano.a(libc_a-init.o)
